<?php return array (
  0 => 'Symfony\\Bundle\\FrameworkBundle\\Controller\\AbstractController',
  1 => 'App\\Controller\\CardController',
  2 => 'App\\Controller\\CardController2',
  3 => 'App\\Controller\\Game21Controller',
  4 => 'App\\Controller\\Game21Controller2',
  5 => 'App\\Controller\\Game21Controller3',
  6 => 'App\\Controller\\Game21Controller4',
  7 => 'App\\Controller\\Game21Controller5',
  8 => 'App\\Controller\\Game21Controller6',
  9 => 'App\\Controller\\Game21Controller7',
  10 => 'App\\Controller\\JsonCardController',
  11 => 'App\\Controller\\JsonCardController2',
  12 => 'App\\Controller\\JsonCardController3',
  13 => 'App\\Controller\\JsonCardController4',
  14 => 'App\\Controller\\JsonCardController5',
  15 => 'App\\Controller\\JsonController',
  16 => 'App\\Controller\\JsonController2',
  17 => 'App\\Controller\\JsonGame21Controller',
  18 => 'App\\Controller\\JsonLibraryController',
  19 => 'App\\Controller\\LibraryController',
  20 => 'App\\Controller\\LibraryController2',
  21 => 'App\\Controller\\LibraryController3',
  22 => 'App\\Controller\\LibraryController4',
  23 => 'App\\Controller\\LibraryController5',
  24 => 'App\\Controller\\LibraryController6',
  25 => 'App\\Controller\\LibraryController7',
  26 => 'App\\Controller\\LuckyMonkey',
  27 => 'App\\Controller\\MainController',
  28 => 'App\\Controller\\MainControllerHelper',
  29 => 'App\\Controller\\MdParser',
  30 => 'App\\Controller\\ProjectApiController1',
  31 => 'App\\Controller\\ProjectApiController2',
  32 => 'App\\Controller\\ProjectApiController3',
  33 => 'App\\Controller\\ProjectApiController4',
  34 => 'App\\Controller\\ProjectApiController5',
  35 => 'App\\Controller\\ProjectApiController6',
  36 => 'App\\Controller\\ProjectApiController7',
  37 => 'App\\Controller\\ProjectApiController8',
  38 => 'App\\Controller\\ProjectAuthController',
  39 => 'App\\Controller\\ProjectController1',
  40 => 'App\\Controller\\ProjectController10',
  41 => 'App\\Controller\\ProjectController11',
  42 => 'App\\Controller\\ProjectController2',
  43 => 'App\\Controller\\ProjectController3',
  44 => 'App\\Controller\\ProjectController4',
  45 => 'App\\Controller\\ProjectController5',
  46 => 'App\\Controller\\ProjectController6',
  47 => 'App\\Controller\\ProjectController7',
  48 => 'App\\Controller\\ProjectController8',
  49 => 'App\\Controller\\ProjectController9',
  50 => 'App\\Controller\\Quote',
  51 => 'App\\Controller\\SessionTrait',
  52 => 'App\\Controller\\SqlFileLoader',
  53 => 'App\\Entity\\Book',
  54 => 'App\\Entity\\Score',
  55 => 'App\\Entity\\Transaction',
  56 => 'App\\Entity\\User',
  57 => 'Doctrine\\Bundle\\DoctrineBundle\\Controller\\ProfilerController',
  58 => 'Doctrine\\ORM\\Cache\\Persister\\Entity\\AbstractEntityPersister',
  59 => 'Doctrine\\ORM\\Cache\\Persister\\Entity\\CachedEntityPersister',
  60 => 'Doctrine\\ORM\\Cache\\Persister\\Entity\\NonStrictReadWriteCachedEntityPersister',
  61 => 'Doctrine\\ORM\\Cache\\Persister\\Entity\\ReadOnlyCachedEntityPersister',
  62 => 'Doctrine\\ORM\\Cache\\Persister\\Entity\\ReadWriteCachedEntityPersister',
  63 => 'Doctrine\\ORM\\Persisters\\Entity\\AbstractEntityInheritancePersister',
  64 => 'Doctrine\\ORM\\Persisters\\Entity\\BasicEntityPersister',
  65 => 'Doctrine\\ORM\\Persisters\\Entity\\CachedPersisterContext',
  66 => 'Doctrine\\ORM\\Persisters\\Entity\\EntityPersister',
  67 => 'Doctrine\\ORM\\Persisters\\Entity\\JoinedSubclassPersister',
  68 => 'Doctrine\\ORM\\Persisters\\Entity\\SingleTablePersister',
  70 => 'Symfony\\Bundle\\FrameworkBundle\\Controller\\ControllerResolver',
  71 => 'Symfony\\Bundle\\FrameworkBundle\\Controller\\RedirectController',
  72 => 'Symfony\\Bundle\\FrameworkBundle\\Controller\\TemplateController',
  73 => 'Symfony\\Bundle\\WebProfilerBundle\\Controller\\ExceptionPanelController',
  74 => 'Symfony\\Bundle\\WebProfilerBundle\\Controller\\ProfilerController',
  75 => 'Symfony\\Bundle\\WebProfilerBundle\\Controller\\RouterController',
  76 => 'Symfony\\Component\\HttpKernel\\Controller\\ArgumentResolver',
  77 => 'Symfony\\Component\\HttpKernel\\Controller\\ArgumentResolverInterface',
  78 => 'Symfony\\Component\\HttpKernel\\Controller\\ArgumentResolver\\BackedEnumValueResolver',
  79 => 'Symfony\\Component\\HttpKernel\\Controller\\ArgumentResolver\\DateTimeValueResolver',
  80 => 'Symfony\\Component\\HttpKernel\\Controller\\ArgumentResolver\\DefaultValueResolver',
  81 => 'Symfony\\Component\\HttpKernel\\Controller\\ArgumentResolver\\NotTaggedControllerValueResolver',
  82 => 'Symfony\\Component\\HttpKernel\\Controller\\ArgumentResolver\\RequestAttributeValueResolver',
  83 => 'Symfony\\Component\\HttpKernel\\Controller\\ArgumentResolver\\RequestValueResolver',
  84 => 'Symfony\\Component\\HttpKernel\\Controller\\ArgumentResolver\\ServiceValueResolver',
  85 => 'Symfony\\Component\\HttpKernel\\Controller\\ArgumentResolver\\SessionValueResolver',
  86 => 'Symfony\\Component\\HttpKernel\\Controller\\ArgumentResolver\\TraceableValueResolver',
  87 => 'Symfony\\Component\\HttpKernel\\Controller\\ArgumentResolver\\UidValueResolver',
  88 => 'Symfony\\Component\\HttpKernel\\Controller\\ArgumentResolver\\VariadicValueResolver',
  89 => 'Symfony\\Component\\HttpKernel\\Controller\\ArgumentValueResolverInterface',
  90 => 'Symfony\\Component\\HttpKernel\\Controller\\ContainerControllerResolver',
  91 => 'Symfony\\Component\\HttpKernel\\Controller\\ControllerReference',
  92 => 'Symfony\\Component\\HttpKernel\\Controller\\ControllerResolver',
  93 => 'Symfony\\Component\\HttpKernel\\Controller\\ControllerResolverInterface',
  94 => 'Symfony\\Component\\HttpKernel\\Controller\\ErrorController',
  95 => 'Symfony\\Component\\HttpKernel\\Controller\\TraceableArgumentResolver',
  96 => 'Symfony\\Component\\HttpKernel\\Controller\\TraceableControllerResolver',
  97 => 'Symfony\\Component\\Security\\Http\\Controller\\UserValueResolver',
);